Subject: Kopia created 2 snapshots on some-host

Path: /some/other/path

  Status: fatal
  Start: Wed, 31 Dec 1969 16:00:00 PST Duration: 0s
  Size: 0 B, 0 files, 0 directories.
  Error: some top-level error

Path: /some/path

  Status: ok
  Start: Wed, 01 Jan 2020 19:04:05 PST Duration: 1.000000001s
  Size: 456 B, 123 files, 33 directories.

  Failed Entries:

  - /some/path: some error
  - /some/path2: some error

Generated at Wed, 01 Jan 2020 19:04:05 PST by Kopia v0-unofficial.

https://kopia.io/