Subject: Kopia created 2 snapshots on some-host

Path: /some/other/path

  Status: fatal
  Start: 1970-01-01T00:00:00Z Duration: 0s
  Size: 0 B, 0 files, 0 directories.
  Error: some top-level error

Path: /some/path

  Status: ok
  Start: 2020-01-02T03:04:05Z Duration: 1.000000001s
  Size: 456 B, 123 files, 33 directories.

  Failed Entries:

  - /some/path: some error
  - /some/path2: some error

Generated at 2020-01-02T03:04:05Z by Kopia v0-unofficial.

https://kopia.io/